parta	partir	+V+SBJR+3+SG
parta	partir	+V+SBJR+1+SG

partais	partir	+V+SBJR+2+PL

partam	partir	+V+SBJR+3+PL

partamos	partir	+V+SBJR+1+PL

partas	partir	+V+SBJR+2+SG

parte	partir	+V+PRS+3+SG

partem	partir	+V+PRS+3+PL

partes	partir	+V+PRS+2+SG

partia	partir	+V+IMPF+3+SG
partia	partir	+V+IMPF+1+SG

partiam	partir	+V+IMPF+3+PL

partíamos	partir	+V+IMPF+1+PL

partias	partir	+V+IMPF+2+SG

partíeis	partir	+V+IMPF+2+PL

partimos	partir	+V+PRS+1+PL

partirá	partir	+V+FUT+3+SG

partirão	partir	+V+FUT+3+PL

partirás	partir	+V+FUT+2+SG

partirei	partir	+V+FUT+1+SG

partireis	partir	+V+FUT+2+PL

partiremos	partir	+V+FUT+1+PL

partiria	partir	+V+COND+3+SG
partiria	partir	+V+COND+1+SG

partiriam	partir	+V+COND+3+PL

partiríamos	partir	+V+COND+1+PL

partirias	partir	+V+COND+2+SG

partiríeis	partir	+V+COND+2+PL

partis	partir	+V+PRS+2+PL

parto	partir	+V+PRS+1+SG

